18:53:42 **** Incremental Build of configuration Debug for project P5 Ej2 ****
make -j16 all 
arm-none-eabi-gcc "../Src/main.c" -mcpu=cortex-m4 -std=gnu11 -g3 -DDEBUG -DSTM32 -DSTM32F429ZITx -DSTM32F4 -DNUCLEO_F429ZI -DUSE_HAL_DRIVER -DSTM32F429xx -c -I../Inc -I"C:/Users/ipave/Documents/GitHub/PdM_workspace/P5 Ej2/Drivers/STM32F4xx_HAL_Driver/Inc" -I"C:/Users/ipave/Documents/GitHub/PdM_workspace/P5 Ej2/Drivers/CMSIS/Include" -I"C:/Users/ipave/Documents/GitHub/PdM_workspace/P5 Ej2/Drivers/CMSIS/Device/ST/STM32F4xx/Include" -I"C:/Users/ipave/Documents/GitHub/PdM_workspace/P5 Ej2/Drivers/BSP/STM32F4xx_Nucleo_144" -I"C:/Users/ipave/Documents/GitHub/PdM_workspace/P5 Ej2/Drivers/Core/Inc" -I"C:/Users/ipave/Documents/GitHub/PdM_workspace/P5 Ej2/Drivers/API/inc" -O0 -ffunction-sections -fdata-sections -Wall -fstack-usage -fcyclomatic-complexity -MMD -MP -MF"Src/main.d" -MT"Src/main.o" --specs=nano.specs -mfpu=fpv4-sp-d16 -mfloat-abi=hard -mthumb -o "Src/main.o"
arm-none-eabi-gcc "../Drivers/API/src/API_debounce.c" -mcpu=cortex-m4 -std=gnu11 -g3 -DDEBUG -DSTM32 -DSTM32F429ZITx -DSTM32F4 -DNUCLEO_F429ZI -DUSE_HAL_DRIVER -DSTM32F429xx -c -I../Inc -I"C:/Users/ipave/Documents/GitHub/PdM_workspace/P5 Ej2/Drivers/STM32F4xx_HAL_Driver/Inc" -I"C:/Users/ipave/Documents/GitHub/PdM_workspace/P5 Ej2/Drivers/CMSIS/Include" -I"C:/Users/ipave/Documents/GitHub/PdM_workspace/P5 Ej2/Drivers/CMSIS/Device/ST/STM32F4xx/Include" -I"C:/Users/ipave/Documents/GitHub/PdM_workspace/P5 Ej2/Drivers/BSP/STM32F4xx_Nucleo_144" -I"C:/Users/ipave/Documents/GitHub/PdM_workspace/P5 Ej2/Drivers/Core/Inc" -I"C:/Users/ipave/Documents/GitHub/PdM_workspace/P5 Ej2/Drivers/API/inc" -O0 -ffunction-sections -fdata-sections -Wall -fstack-usage -fcyclomatic-complexity -MMD -MP -MF"Drivers/API/src/API_debounce.d" -MT"Drivers/API/src/API_debounce.o" --specs=nano.specs -mfpu=fpv4-sp-d16 -mfloat-abi=hard -mthumb -o "Drivers/API/src/API_debounce.o"
arm-none-eabi-gcc "../Drivers/API/src/API_delay.c" -mcpu=cortex-m4 -std=gnu11 -g3 -DDEBUG -DSTM32 -DSTM32F429ZITx -DSTM32F4 -DNUCLEO_F429ZI -DUSE_HAL_DRIVER -DSTM32F429xx -c -I../Inc -I"C:/Users/ipave/Documents/GitHub/PdM_workspace/P5 Ej2/Drivers/STM32F4xx_HAL_Driver/Inc" -I"C:/Users/ipave/Documents/GitHub/PdM_workspace/P5 Ej2/Drivers/CMSIS/Include" -I"C:/Users/ipave/Documents/GitHub/PdM_workspace/P5 Ej2/Drivers/CMSIS/Device/ST/STM32F4xx/Include" -I"C:/Users/ipave/Documents/GitHub/PdM_workspace/P5 Ej2/Drivers/BSP/STM32F4xx_Nucleo_144" -I"C:/Users/ipave/Documents/GitHub/PdM_workspace/P5 Ej2/Drivers/Core/Inc" -I"C:/Users/ipave/Documents/GitHub/PdM_workspace/P5 Ej2/Drivers/API/inc" -O0 -ffunction-sections -fdata-sections -Wall -fstack-usage -fcyclomatic-complexity -MMD -MP -MF"Drivers/API/src/API_delay.d" -MT"Drivers/API/src/API_delay.o" --specs=nano.specs -mfpu=fpv4-sp-d16 -mfloat-abi=hard -mthumb -o "Drivers/API/src/API_delay.o"
arm-none-eabi-gcc -o "P5 Ej2.elf" @"objects.list"   -mcpu=cortex-m4 -T"C:\Users\ipave\Documents\GitHub\PdM_workspace\P5 Ej2\STM32F429ZITX_FLASH.ld" --specs=nosys.specs -Wl,-Map="P5 Ej2.map" -Wl,--gc-sections -static --specs=nano.specs -mfpu=fpv4-sp-d16 -mfloat-abi=hard -mthumb -Wl,--start-group -lc -lm -Wl,--end-group
Finished building target: P5 Ej2.elf
 
arm-none-eabi-size   P5\ Ej2.elf 
arm-none-eabi-objdump -h -S  P5\ Ej2.elf  > "P5 Ej2.list"
   text	   data	    bss	    dec	    hex	filename
   9344	     68	   1652	  11064	   2b38	P5 Ej2.elf
Finished building: default.size.stdout
 
Finished building: P5 Ej2.list
 
12:25:29 **** Incremental Build of configuration Debug for project P5 Ej2 ****
make -j16 all 
arm-none-eabi-size   P5\ Ej2.elf 
   text	   data	    bss	    dec	    hex	filename
   9344	     68	   1652	  11064	   2b38	P5 Ej2.elf
Finished building: default.size.stdout
 
12:25:58 **** Incremental Build of configuration Debug for project P5 Ej2 ****
make -j16 all 
arm-none-eabi-gcc "../Drivers/API/src/API_uart.c" -mcpu=cortex-m4 -std=gnu11 -g3 -DDEBUG -DSTM32 -DSTM32F429ZITx -DSTM32F4 -DNUCLEO_F429ZI -DUSE_HAL_DRIVER -DSTM32F429xx -c -I../Inc -I"C:/Users/ipave/Documents/GitHub/PdM_workspace/P5 Ej2/Drivers/STM32F4xx_HAL_Driver/Inc" -I"C:/Users/ipave/Documents/GitHub/PdM_workspace/P5 Ej2/Drivers/CMSIS/Include" -I"C:/Users/ipave/Documents/GitHub/PdM_workspace/P5 Ej2/Drivers/CMSIS/Device/ST/STM32F4xx/Include" -I"C:/Users/ipave/Documents/GitHub/PdM_workspace/P5 Ej2/Drivers/BSP/STM32F4xx_Nucleo_144" -I"C:/Users/ipave/Documents/GitHub/PdM_workspace/P5 Ej2/Drivers/Core/Inc" -I"C:/Users/ipave/Documents/GitHub/PdM_workspace/P5 Ej2/Drivers/API/inc" -O0 -ffunction-sections -fdata-sections -Wall -fstack-usage -fcyclomatic-complexity -MMD -MP -MF"Drivers/API/src/API_uart.d" -MT"Drivers/API/src/API_uart.o" --specs=nano.specs -mfpu=fpv4-sp-d16 -mfloat-abi=hard -mthumb -o "Drivers/API/src/API_uart.o"
arm-none-eabi-gcc -o "P5 Ej2.elf" @"objects.list"   -mcpu=cortex-m4 -T"C:\Users\ipave\Documents\GitHub\PdM_workspace\P5 Ej2\STM32F429ZITX_FLASH.ld" --specs=nosys.specs -Wl,-Map="P5 Ej2.map" -Wl,--gc-sections -static --specs=nano.specs -mfpu=fpv4-sp-d16 -mfloat-abi=hard -mthumb -Wl,--start-group -lc -lm -Wl,--end-group
Finished building target: P5 Ej2.elf
 
arm-none-eabi-size   P5\ Ej2.elf 
arm-none-eabi-objdump -h -S  P5\ Ej2.elf  > "P5 Ej2.list"
   text	   data	    bss	    dec	    hex	filename
   9340	     68	   1652	  11060	   2b34	P5 Ej2.elf
Finished building: default.size.stdout
 
Finished building: P5 Ej2.list
 
12:27:37 **** Incremental Build of configuration Debug for project P5 Ej2 ****
make -j16 all 
arm-none-eabi-gcc "../Drivers/API/src/API_uart.c" -mcpu=cortex-m4 -std=gnu11 -g3 -DDEBUG -DSTM32 -DSTM32F429ZITx -DSTM32F4 -DNUCLEO_F429ZI -DUSE_HAL_DRIVER -DSTM32F429xx -c -I../Inc -I"C:/Users/ipave/Documents/GitHub/PdM_workspace/P5 Ej2/Drivers/STM32F4xx_HAL_Driver/Inc" -I"C:/Users/ipave/Documents/GitHub/PdM_workspace/P5 Ej2/Drivers/CMSIS/Include" -I"C:/Users/ipave/Documents/GitHub/PdM_workspace/P5 Ej2/Drivers/CMSIS/Device/ST/STM32F4xx/Include" -I"C:/Users/ipave/Documents/GitHub/PdM_workspace/P5 Ej2/Drivers/BSP/STM32F4xx_Nucleo_144" -I"C:/Users/ipave/Documents/GitHub/PdM_workspace/P5 Ej2/Drivers/Core/Inc" -I"C:/Users/ipave/Documents/GitHub/PdM_workspace/P5 Ej2/Drivers/API/inc" -O0 -ffunction-sections -fdata-sections -Wall -fstack-usage -fcyclomatic-complexity -MMD -MP -MF"Drivers/API/src/API_uart.d" -MT"Drivers/API/src/API_uart.o" --specs=nano.specs -mfpu=fpv4-sp-d16 -mfloat-abi=hard -mthumb -o "Drivers/API/src/API_uart.o"
arm-none-eabi-gcc -o "P5 Ej2.elf" @"objects.list"   -mcpu=cortex-m4 -T"C:\Users\ipave\Documents\GitHub\PdM_workspace\P5 Ej2\STM32F429ZITX_FLASH.ld" --specs=nosys.specs -Wl,-Map="P5 Ej2.map" -Wl,--gc-sections -static --specs=nano.specs -mfpu=fpv4-sp-d16 -mfloat-abi=hard -mthumb -Wl,--start-group -lc -lm -Wl,--end-group
Finished building target: P5 Ej2.elf
 
arm-none-eabi-size   P5\ Ej2.elf 
arm-none-eabi-objdump -h -S  P5\ Ej2.elf  > "P5 Ej2.list"
   text	   data	    bss	    dec	    hex	filename
   9340	     68	   1652	  11060	   2b34	P5 Ej2.elf
Finished building: default.size.stdout
 
Finished building: P5 Ej2.list
 
12:27:41 **** Incremental Build of configuration Debug for project P5 Ej2 ****
make -j16 all 
arm-none-eabi-size   P5\ Ej2.elf 
   text	   data	    bss	    dec	    hex	filename
   9340	     68	   1652	  11060	   2b34	P5 Ej2.elf
Finished building: default.size.stdout
 
12:28:05 **** Incremental Build of configuration Debug for project P5 Ej2 ****
make -j16 all 
arm-none-eabi-gcc "../Drivers/API/src/API_uart.c" -mcpu=cortex-m4 -std=gnu11 -g3 -DDEBUG -DSTM32 -DSTM32F429ZITx -DSTM32F4 -DNUCLEO_F429ZI -DUSE_HAL_DRIVER -DSTM32F429xx -c -I../Inc -I"C:/Users/ipave/Documents/GitHub/PdM_workspace/P5 Ej2/Drivers/STM32F4xx_HAL_Driver/Inc" -I"C:/Users/ipave/Documents/GitHub/PdM_workspace/P5 Ej2/Drivers/CMSIS/Include" -I"C:/Users/ipave/Documents/GitHub/PdM_workspace/P5 Ej2/Drivers/CMSIS/Device/ST/STM32F4xx/Include" -I"C:/Users/ipave/Documents/GitHub/PdM_workspace/P5 Ej2/Drivers/BSP/STM32F4xx_Nucleo_144" -I"C:/Users/ipave/Documents/GitHub/PdM_workspace/P5 Ej2/Drivers/Core/Inc" -I"C:/Users/ipave/Documents/GitHub/PdM_workspace/P5 Ej2/Drivers/API/inc" -O0 -ffunction-sections -fdata-sections -Wall -fstack-usage -fcyclomatic-complexity -MMD -MP -MF"Drivers/API/src/API_uart.d" -MT"Drivers/API/src/API_uart.o" --specs=nano.specs -mfpu=fpv4-sp-d16 -mfloat-abi=hard -mthumb -o "Drivers/API/src/API_uart.o"
arm-none-eabi-gcc -o "P5 Ej2.elf" @"objects.list"   -mcpu=cortex-m4 -T"C:\Users\ipave\Documents\GitHub\PdM_workspace\P5 Ej2\STM32F429ZITX_FLASH.ld" --specs=nosys.specs -Wl,-Map="P5 Ej2.map" -Wl,--gc-sections -static --specs=nano.specs -mfpu=fpv4-sp-d16 -mfloat-abi=hard -mthumb -Wl,--start-group -lc -lm -Wl,--end-group
Finished building target: P5 Ej2.elf
 
arm-none-eabi-size   P5\ Ej2.elf 
arm-none-eabi-objdump -h -S  P5\ Ej2.elf  > "P5 Ej2.list"
   text	   data	    bss	    dec	    hex	filename
   9344	     68	   1652	  11064	   2b38	P5 Ej2.elf
Finished building: default.size.stdout
 
Finished building: P5 Ej2.list
 
12:28:47 **** Incremental Build of configuration Debug for project P1_Ej1 ****
make -j16 all 
arm-none-eabi-size   P1_Ej1.elf 
   text	   data	    bss	    dec	    hex	filename
   6376	     32	   1568	   7976	   1f28	P1_Ej1.elf
Finished building: default.size.stdout
 
12:28:48 **** Incremental Build of configuration Debug for project P1_Ej2 ****
make -j16 all 
arm-none-eabi-size   P1_Ej2.elf 
   text	   data	    bss	    dec	    hex	filename
   6752	     36	   1572	   8360	   20a8	P1_Ej2.elf
Finished building: default.size.stdout
 
12:28:48 **** Incremental Build of configuration Debug for project P2 Ej1 ****
make -j16 all 
arm-none-eabi-size   P2\ Ej1.elf 
   text	   data	    bss	    dec	    hex	filename
   6372	     32	   1568	   7972	   1f24	P2 Ej1.elf
Finished building: default.size.stdout
 
12:28:49 **** Incremental Build of configuration Debug for project P2 Ej2 ****
make -j16 all 
arm-none-eabi-size   P2\ Ej2.elf 
   text	   data	    bss	    dec	    hex	filename
   6472	     32	   1568	   8072	   1f88	P2 Ej2.elf
Finished building: default.size.stdout
 
12:28:50 **** Incremental Build of configuration Debug for project P3 Ej1 ****
make -j16 all 
arm-none-eabi-size   P3\ Ej1.elf 
   text	   data	    bss	    dec	    hex	filename
   6456	     32	   1576	   8064	   1f80	P3 Ej1.elf
Finished building: default.size.stdout
 
12:28:51 **** Incremental Build of configuration Debug for project P4 Ej1 ****
make -j16 all 
arm-none-eabi-size   P4\ Ej1.elf 
   text	   data	    bss	    dec	    hex	filename
   6916	     36	   1588	   8540	   215c	P4 Ej1.elf
Finished building: default.size.stdout
 
12:28:51 **** Incremental Build of configuration Debug for project P4 Ej2 ****
make -j16 all 
arm-none-eabi-gcc "../Drivers/API/src/API_debounce.c" -mcpu=cortex-m4 -std=gnu11 -g3 -DDEBUG -DSTM32 -DSTM32F429ZITx -DSTM32F4 -DNUCLEO_F429ZI -DUSE_HAL_DRIVER -DSTM32F429xx -c -I../Inc -I"C:/Users/ipave/Documents/GitHub/PdM_workspace/P4 Ej2/Drivers/STM32F4xx_HAL_Driver/Inc" -I"C:/Users/ipave/Documents/GitHub/PdM_workspace/P4 Ej2/Drivers/CMSIS/Include" -I"C:/Users/ipave/Documents/GitHub/PdM_workspace/P4 Ej2/Drivers/CMSIS/Device/ST/STM32F4xx/Include" -I"C:/Users/ipave/Documents/GitHub/PdM_workspace/P4 Ej2/Drivers/BSP/STM32F4xx_Nucleo_144" -I"C:/Users/ipave/Documents/GitHub/PdM_workspace/P4 Ej2/Drivers/Core/Inc" -I"C:/Users/ipave/Documents/GitHub/PdM_workspace/P4 Ej2/Drivers/API/inc" -O0 -ffunction-sections -fdata-sections -Wall -fstack-usage -fcyclomatic-complexity -MMD -MP -MF"Drivers/API/src/API_debounce.d" -MT"Drivers/API/src/API_debounce.o" --specs=nano.specs -mfpu=fpv4-sp-d16 -mfloat-abi=hard -mthumb -o "Drivers/API/src/API_debounce.o"
../Drivers/API/src/API_debounce.c: In function 'debounceFSM_update':
../Drivers/API/src/API_debounce.c:38:10: warning: implicit declaration of function 'buttonPressed'; did you mean 'buttonsressed'? [-Wimplicit-function-declaration]
   38 |          buttonPressed();
      |          ^~~~~~~~~~~~~
      |          buttonsressed
../Drivers/API/src/API_debounce.c: At top level:
../Drivers/API/src/API_debounce.c:63:6: warning: conflicting types for 'buttonPressed'
   63 | void buttonPressed(){
      |      ^~~~~~~~~~~~~
../Drivers/API/src/API_debounce.c:38:10: note: previous implicit declaration of 'buttonPressed' was here
   38 |          buttonPressed();
      |          ^~~~~~~~~~~~~
arm-none-eabi-gcc -o "P4 Ej2.elf" @"objects.list"   -mcpu=cortex-m4 -T"C:\Users\ipave\Documents\GitHub\PdM_workspace\P4 Ej2\STM32F429ZITX_FLASH.ld" --specs=nosys.specs -Wl,-Map="P4 Ej2.map" -Wl,--gc-sections -static --specs=nano.specs -mfpu=fpv4-sp-d16 -mfloat-abi=hard -mthumb -Wl,--start-group -lc -lm -Wl,--end-group
Finished building target: P4 Ej2.elf
 
arm-none-eabi-size   P4\ Ej2.elf 
arm-none-eabi-objdump -h -S  P4\ Ej2.elf  > "P4 Ej2.list"
   text	   data	    bss	    dec	    hex	filename
   7164	     36	   1596	   8796	   225c	P4 Ej2.elf
Finished building: default.size.stdout
 
Finished building: P4 Ej2.list
 
12:28:53 **** Incremental Build of configuration Debug for project P5 Ej1 ****
make -j16 all 
arm-none-eabi-size   P5\ Ej1.elf 
   text	   data	    bss	    dec	    hex	filename
   8824	     68	   1644	  10536	   2928	P5 Ej1.elf
Finished building: default.size.stdout
 
12:28:53 **** Incremental Build of configuration Debug for project P5 Ej2 ****
make -j16 all 
arm-none-eabi-gcc "../Drivers/API/src/API_uart.c" -mcpu=cortex-m4 -std=gnu11 -g3 -DDEBUG -DSTM32 -DSTM32F429ZITx -DSTM32F4 -DNUCLEO_F429ZI -DUSE_HAL_DRIVER -DSTM32F429xx -c -I../Inc -I"C:/Users/ipave/Documents/GitHub/PdM_workspace/P5 Ej2/Drivers/STM32F4xx_HAL_Driver/Inc" -I"C:/Users/ipave/Documents/GitHub/PdM_workspace/P5 Ej2/Drivers/CMSIS/Include" -I"C:/Users/ipave/Documents/GitHub/PdM_workspace/P5 Ej2/Drivers/CMSIS/Device/ST/STM32F4xx/Include" -I"C:/Users/ipave/Documents/GitHub/PdM_workspace/P5 Ej2/Drivers/BSP/STM32F4xx_Nucleo_144" -I"C:/Users/ipave/Documents/GitHub/PdM_workspace/P5 Ej2/Drivers/Core/Inc" -I"C:/Users/ipave/Documents/GitHub/PdM_workspace/P5 Ej2/Drivers/API/inc" -O0 -ffunction-sections -fdata-sections -Wall -fstack-usage -fcyclomatic-complexity -MMD -MP -MF"Drivers/API/src/API_uart.d" -MT"Drivers/API/src/API_uart.o" --specs=nano.specs -mfpu=fpv4-sp-d16 -mfloat-abi=hard -mthumb -o "Drivers/API/src/API_uart.o"
arm-none-eabi-gcc -o "P5 Ej2.elf" @"objects.list"   -mcpu=cortex-m4 -T"C:\Users\ipave\Documents\GitHub\PdM_workspace\P5 Ej2\STM32F429ZITX_FLASH.ld" --specs=nosys.specs -Wl,-Map="P5 Ej2.map" -Wl,--gc-sections -static --specs=nano.specs -mfpu=fpv4-sp-d16 -mfloat-abi=hard -mthumb -Wl,--start-group -lc -lm -Wl,--end-group
Finished building target: P5 Ej2.elf
 
arm-none-eabi-size   P5\ Ej2.elf 
arm-none-eabi-objdump -h -S  P5\ Ej2.elf  > "P5 Ej2.list"
   text	   data	    bss	    dec	    hex	filename
   9340	     68	   1652	  11060	   2b34	P5 Ej2.elf
Finished building: default.size.stdout
 
Finished building: P5 Ej2.list
 
12:29:00 **** Incremental Build of configuration Debug for project P1_Ej1 ****
make -j16 all 
arm-none-eabi-size   P1_Ej1.elf 
   text	   data	    bss	    dec	    hex	filename
   6376	     32	   1568	   7976	   1f28	P1_Ej1.elf
Finished building: default.size.stdout
 
12:29:00 **** Incremental Build of configuration Debug for project P1_Ej2 ****
make -j16 all 
arm-none-eabi-size   P1_Ej2.elf 
   text	   data	    bss	    dec	    hex	filename
   6752	     36	   1572	   8360	   20a8	P1_Ej2.elf
Finished building: default.size.stdout
 
12:29:01 **** Incremental Build of configuration Debug for project P2 Ej1 ****
make -j16 all 
arm-none-eabi-size   P2\ Ej1.elf 
   text	   data	    bss	    dec	    hex	filename
   6372	     32	   1568	   7972	   1f24	P2 Ej1.elf
Finished building: default.size.stdout
 
12:29:01 **** Incremental Build of configuration Debug for project P2 Ej2 ****
make -j16 all 
arm-none-eabi-size   P2\ Ej2.elf 
   text	   data	    bss	    dec	    hex	filename
   6472	     32	   1568	   8072	   1f88	P2 Ej2.elf
Finished building: default.size.stdout
 
12:29:02 **** Incremental Build of configuration Debug for project P3 Ej1 ****
make -j16 all 
arm-none-eabi-size   P3\ Ej1.elf 
   text	   data	    bss	    dec	    hex	filename
   6456	     32	   1576	   8064	   1f80	P3 Ej1.elf
Finished building: default.size.stdout
 
12:29:03 **** Incremental Build of configuration Debug for project P4 Ej1 ****
make -j16 all 
arm-none-eabi-size   P4\ Ej1.elf 
   text	   data	    bss	    dec	    hex	filename
   6916	     36	   1588	   8540	   215c	P4 Ej1.elf
Finished building: default.size.stdout
 
12:29:03 **** Incremental Build of configuration Debug for project P4 Ej2 ****
make -j16 all 
arm-none-eabi-size   P4\ Ej2.elf 
   text	   data	    bss	    dec	    hex	filename
   7164	     36	   1596	   8796	   225c	P4 Ej2.elf
Finished building: default.size.stdout
 
12:29:04 **** Incremental Build of configuration Debug for project P5 Ej1 ****
make -j16 all 
arm-none-eabi-size   P5\ Ej1.elf 
   text	   data	    bss	    dec	    hex	filename
   8824	     68	   1644	  10536	   2928	P5 Ej1.elf
Finished building: default.size.stdout
 
12:29:04 **** Incremental Build of configuration Debug for project P5 Ej2 ****
make -j16 all 
arm-none-eabi-size   P5\ Ej2.elf 
   text	   data	    bss	    dec	    hex	filename
   9340	     68	   1652	  11060	   2b34	P5 Ej2.elf
Finished building: default.size.stdout
 
12:29:07 **** Incremental Build of configuration Debug for project P5 Ej2 ****
make -j16 all 
arm-none-eabi-size   P5\ Ej2.elf 
   text	   data	    bss	    dec	    hex	filename
   9340	     68	   1652	  11060	   2b34	P5 Ej2.elf
Finished building: default.size.stdout
 
12:29:34 **** Incremental Build of configuration Debug for project P5 Ej2 ****
make -j16 all 
arm-none-eabi-gcc "../Drivers/API/src/API_uart.c" -mcpu=cortex-m4 -std=gnu11 -g3 -DDEBUG -DSTM32 -DSTM32F429ZITx -DSTM32F4 -DNUCLEO_F429ZI -DUSE_HAL_DRIVER -DSTM32F429xx -c -I../Inc -I"C:/Users/ipave/Documents/GitHub/PdM_workspace/P5 Ej2/Drivers/STM32F4xx_HAL_Driver/Inc" -I"C:/Users/ipave/Documents/GitHub/PdM_workspace/P5 Ej2/Drivers/CMSIS/Include" -I"C:/Users/ipave/Documents/GitHub/PdM_workspace/P5 Ej2/Drivers/CMSIS/Device/ST/STM32F4xx/Include" -I"C:/Users/ipave/Documents/GitHub/PdM_workspace/P5 Ej2/Drivers/BSP/STM32F4xx_Nucleo_144" -I"C:/Users/ipave/Documents/GitHub/PdM_workspace/P5 Ej2/Drivers/Core/Inc" -I"C:/Users/ipave/Documents/GitHub/PdM_workspace/P5 Ej2/Drivers/API/inc" -O0 -ffunction-sections -fdata-sections -Wall -fstack-usage -fcyclomatic-complexity -MMD -MP -MF"Drivers/API/src/API_uart.d" -MT"Drivers/API/src/API_uart.o" --specs=nano.specs -mfpu=fpv4-sp-d16 -mfloat-abi=hard -mthumb -o "Drivers/API/src/API_uart.o"
arm-none-eabi-gcc -o "P5 Ej2.elf" @"objects.list"   -mcpu=cortex-m4 -T"C:\Users\ipave\Documents\GitHub\PdM_workspace\P5 Ej2\STM32F429ZITX_FLASH.ld" --specs=nosys.specs -Wl,-Map="P5 Ej2.map" -Wl,--gc-sections -static --specs=nano.specs -mfpu=fpv4-sp-d16 -mfloat-abi=hard -mthumb -Wl,--start-group -lc -lm -Wl,--end-group
Finished building target: P5 Ej2.elf
 
arm-none-eabi-size   P5\ Ej2.elf 
arm-none-eabi-objdump -h -S  P5\ Ej2.elf  > "P5 Ej2.list"
   text	   data	    bss	    dec	    hex	filename
   9340	     68	   1652	  11060	   2b34	P5 Ej2.elf
Finished building: default.size.stdout
 
Finished building: P5 Ej2.list
 
12:31:48 **** Incremental Build of configuration Debug for project P5 Ej2 ****
make -j16 all 
arm-none-eabi-gcc "../Drivers/API/src/API_uart.c" -mcpu=cortex-m4 -std=gnu11 -g3 -DDEBUG -DSTM32 -DSTM32F429ZITx -DSTM32F4 -DNUCLEO_F429ZI -DUSE_HAL_DRIVER -DSTM32F429xx -c -I../Inc -I"C:/Users/ipave/Documents/GitHub/PdM_workspace/P5 Ej2/Drivers/STM32F4xx_HAL_Driver/Inc" -I"C:/Users/ipave/Documents/GitHub/PdM_workspace/P5 Ej2/Drivers/CMSIS/Include" -I"C:/Users/ipave/Documents/GitHub/PdM_workspace/P5 Ej2/Drivers/CMSIS/Device/ST/STM32F4xx/Include" -I"C:/Users/ipave/Documents/GitHub/PdM_workspace/P5 Ej2/Drivers/BSP/STM32F4xx_Nucleo_144" -I"C:/Users/ipave/Documents/GitHub/PdM_workspace/P5 Ej2/Drivers/Core/Inc" -I"C:/Users/ipave/Documents/GitHub/PdM_workspace/P5 Ej2/Drivers/API/inc" -O0 -ffunction-sections -fdata-sections -Wall -fstack-usage -fcyclomatic-complexity -MMD -MP -MF"Drivers/API/src/API_uart.d" -MT"Drivers/API/src/API_uart.o" --specs=nano.specs -mfpu=fpv4-sp-d16 -mfloat-abi=hard -mthumb -o "Drivers/API/src/API_uart.o"
arm-none-eabi-gcc -o "P5 Ej2.elf" @"objects.list"   -mcpu=cortex-m4 -T"C:\Users\ipave\Documents\GitHub\PdM_workspace\P5 Ej2\STM32F429ZITX_FLASH.ld" --specs=nosys.specs -Wl,-Map="P5 Ej2.map" -Wl,--gc-sections -static --specs=nano.specs -mfpu=fpv4-sp-d16 -mfloat-abi=hard -mthumb -Wl,--start-group -lc -lm -Wl,--end-group
Finished building target: P5 Ej2.elf
 
arm-none-eabi-size   P5\ Ej2.elf 
arm-none-eabi-objdump -h -S  P5\ Ej2.elf  > "P5 Ej2.list"
   text	   data	    bss	    dec	    hex	filename
   9340	     68	   1652	  11060	   2b34	P5 Ej2.elf
Finished building: default.size.stdout
 
Finished building: P5 Ej2.list
 
12:34:34 **** Incremental Build of configuration Debug for project P5 Ej2 ****
make -j16 all 
arm-none-eabi-gcc "../Drivers/API/src/API_uart.c" -mcpu=cortex-m4 -std=gnu11 -g3 -DDEBUG -DSTM32 -DSTM32F429ZITx -DSTM32F4 -DNUCLEO_F429ZI -DUSE_HAL_DRIVER -DSTM32F429xx -c -I../Inc -I"C:/Users/ipave/Documents/GitHub/PdM_workspace/P5 Ej2/Drivers/STM32F4xx_HAL_Driver/Inc" -I"C:/Users/ipave/Documents/GitHub/PdM_workspace/P5 Ej2/Drivers/CMSIS/Include" -I"C:/Users/ipave/Documents/GitHub/PdM_workspace/P5 Ej2/Drivers/CMSIS/Device/ST/STM32F4xx/Include" -I"C:/Users/ipave/Documents/GitHub/PdM_workspace/P5 Ej2/Drivers/BSP/STM32F4xx_Nucleo_144" -I"C:/Users/ipave/Documents/GitHub/PdM_workspace/P5 Ej2/Drivers/Core/Inc" -I"C:/Users/ipave/Documents/GitHub/PdM_workspace/P5 Ej2/Drivers/API/inc" -O0 -ffunction-sections -fdata-sections -Wall -fstack-usage -fcyclomatic-complexity -MMD -MP -MF"Drivers/API/src/API_uart.d" -MT"Drivers/API/src/API_uart.o" --specs=nano.specs -mfpu=fpv4-sp-d16 -mfloat-abi=hard -mthumb -o "Drivers/API/src/API_uart.o"
arm-none-eabi-gcc -o "P5 Ej2.elf" @"objects.list"   -mcpu=cortex-m4 -T"C:\Users\ipave\Documents\GitHub\PdM_workspace\P5 Ej2\STM32F429ZITX_FLASH.ld" --specs=nosys.specs -Wl,-Map="P5 Ej2.map" -Wl,--gc-sections -static --specs=nano.specs -mfpu=fpv4-sp-d16 -mfloat-abi=hard -mthumb -Wl,--start-group -lc -lm -Wl,--end-group
Finished building target: P5 Ej2.elf
 
arm-none-eabi-size   P5\ Ej2.elf 
arm-none-eabi-objdump -h -S  P5\ Ej2.elf  > "P5 Ej2.list"
   text	   data	    bss	    dec	    hex	filename
   9340	     68	   1652	  11060	   2b34	P5 Ej2.elf
Finished building: default.size.stdout
 
Finished building: P5 Ej2.list
 
