01:20:57 **** Incremental Build of configuration Debug for project P4 Ej1 ****
make -j16 all 
arm-none-eabi-gcc "../Src/main.c" -mcpu=cortex-m4 -std=gnu11 -g3 -DDEBUG -DSTM32 -DSTM32F429ZITx -DSTM32F4 -DNUCLEO_F429ZI -DUSE_HAL_DRIVER -DSTM32F429xx -c -I../Inc -I"C:/Users/ipave/Documents/GitHub/PdM_workspace/P4 Ej1/Drivers/STM32F4xx_HAL_Driver/Inc" -I"C:/Users/ipave/Documents/GitHub/PdM_workspace/P4 Ej1/Drivers/CMSIS/Include" -I"C:/Users/ipave/Documents/GitHub/PdM_workspace/P4 Ej1/Drivers/CMSIS/Device/ST/STM32F4xx/Include" -I"C:/Users/ipave/Documents/GitHub/PdM_workspace/P4 Ej1/Drivers/BSP/STM32F4xx_Nucleo_144" -I"C:/Users/ipave/Documents/GitHub/PdM_workspace/P4 Ej1/Drivers/Core/Inc" -I"C:/Users/ipave/Documents/GitHub/PdM_workspace/P4 Ej1/Drivers/API/inc" -O0 -ffunction-sections -fdata-sections -Wall -fstack-usage -MMD -MP -MF"Src/main.d" -MT"Src/main.o" --specs=nano.specs -mfpu=fpv4-sp-d16 -mfloat-abi=hard -mthumb -o "Src/main.o"
arm-none-eabi-gcc -o "P4 Ej1.elf" @"objects.list"   -mcpu=cortex-m4 -T"C:\Users\ipave\Documents\GitHub\PdM_workspace\P4 Ej1\STM32F429ZITX_FLASH.ld" --specs=nosys.specs -Wl,-Map="P4 Ej1.map" -Wl,--gc-sections -static --specs=nano.specs -mfpu=fpv4-sp-d16 -mfloat-abi=hard -mthumb -Wl,--start-group -lc -lm -Wl,--end-group
Finished building target: P4 Ej1.elf
 
arm-none-eabi-size   P4\ Ej1.elf 
arm-none-eabi-objdump -h -S  P4\ Ej1.elf  > "P4 Ej1.list"
   text	   data	    bss	    dec	    hex	filename
   6784	     36	   1588	   8408	   20d8	P4 Ej1.elf
Finished building: default.size.stdout
 
Finished building: P4 Ej1.list
 

01:20:58 Build Finished. 0 errors, 0 warnings. (took 722ms)

