22:05:37 **** Incremental Build of configuration Debug for project P5 Ej2 ****
make -j16 all 
arm-none-eabi-gcc "../Src/main.c" -mcpu=cortex-m4 -std=gnu11 -g3 -DDEBUG -DSTM32 -DSTM32F429ZITx -DSTM32F4 -DNUCLEO_F429ZI -DUSE_HAL_DRIVER -DSTM32F429xx -c -I../Inc -I"C:/Users/ipave/Documents/GitHub/PdM_workspace/P5 Ej2/Drivers/STM32F4xx_HAL_Driver/Inc" -I"C:/Users/ipave/Documents/GitHub/PdM_workspace/P5 Ej2/Drivers/CMSIS/Include" -I"C:/Users/ipave/Documents/GitHub/PdM_workspace/P5 Ej2/Drivers/CMSIS/Device/ST/STM32F4xx/Include" -I"C:/Users/ipave/Documents/GitHub/PdM_workspace/P5 Ej2/Drivers/BSP/STM32F4xx_Nucleo_144" -I"C:/Users/ipave/Documents/GitHub/PdM_workspace/P5 Ej2/Drivers/Core/Inc" -I"C:/Users/ipave/Documents/GitHub/PdM_workspace/P5 Ej2/Drivers/API/inc" -O0 -ffunction-sections -fdata-sections -Wall -fstack-usage -fcyclomatic-complexity -MMD -MP -MF"Src/main.d" -MT"Src/main.o" --specs=nano.specs -mfpu=fpv4-sp-d16 -mfloat-abi=hard -mthumb -o "Src/main.o"
arm-none-eabi-gcc "../Drivers/STM32F4xx_HAL_Driver/Src/stm32f4xx_hal_msp.c" -mcpu=cortex-m4 -std=gnu11 -g3 -DDEBUG -DSTM32 -DSTM32F429ZITx -DSTM32F4 -DNUCLEO_F429ZI -DUSE_HAL_DRIVER -DSTM32F429xx -c -I../Inc -I"C:/Users/ipave/Documents/GitHub/PdM_workspace/P5 Ej2/Drivers/STM32F4xx_HAL_Driver/Inc" -I"C:/Users/ipave/Documents/GitHub/PdM_workspace/P5 Ej2/Drivers/CMSIS/Include" -I"C:/Users/ipave/Documents/GitHub/PdM_workspace/P5 Ej2/Drivers/CMSIS/Device/ST/STM32F4xx/Include" -I"C:/Users/ipave/Documents/GitHub/PdM_workspace/P5 Ej2/Drivers/BSP/STM32F4xx_Nucleo_144" -I"C:/Users/ipave/Documents/GitHub/PdM_workspace/P5 Ej2/Drivers/Core/Inc" -I"C:/Users/ipave/Documents/GitHub/PdM_workspace/P5 Ej2/Drivers/API/inc" -O0 -ffunction-sections -fdata-sections -Wall -fstack-usage -fcyclomatic-complexity -MMD -MP -MF"Drivers/STM32F4xx_HAL_Driver/Src/stm32f4xx_hal_msp.d" -MT"Drivers/STM32F4xx_HAL_Driver/Src/stm32f4xx_hal_msp.o" --specs=nano.specs -mfpu=fpv4-sp-d16 -mfloat-abi=hard -mthumb -o "Drivers/STM32F4xx_HAL_Driver/Src/stm32f4xx_hal_msp.o"
arm-none-eabi-gcc "../Drivers/Core/Src/stm32f4xx_it.c" -mcpu=cortex-m4 -std=gnu11 -g3 -DDEBUG -DSTM32 -DSTM32F429ZITx -DSTM32F4 -DNUCLEO_F429ZI -DUSE_HAL_DRIVER -DSTM32F429xx -c -I../Inc -I"C:/Users/ipave/Documents/GitHub/PdM_workspace/P5 Ej2/Drivers/STM32F4xx_HAL_Driver/Inc" -I"C:/Users/ipave/Documents/GitHub/PdM_workspace/P5 Ej2/Drivers/CMSIS/Include" -I"C:/Users/ipave/Documents/GitHub/PdM_workspace/P5 Ej2/Drivers/CMSIS/Device/ST/STM32F4xx/Include" -I"C:/Users/ipave/Documents/GitHub/PdM_workspace/P5 Ej2/Drivers/BSP/STM32F4xx_Nucleo_144" -I"C:/Users/ipave/Documents/GitHub/PdM_workspace/P5 Ej2/Drivers/Core/Inc" -I"C:/Users/ipave/Documents/GitHub/PdM_workspace/P5 Ej2/Drivers/API/inc" -O0 -ffunction-sections -fdata-sections -Wall -fstack-usage -fcyclomatic-complexity -MMD -MP -MF"Drivers/Core/Src/stm32f4xx_it.d" -MT"Drivers/Core/Src/stm32f4xx_it.o" --specs=nano.specs -mfpu=fpv4-sp-d16 -mfloat-abi=hard -mthumb -o "Drivers/Core/Src/stm32f4xx_it.o"
arm-none-eabi-gcc "../Drivers/API/src/API_uart.c" -mcpu=cortex-m4 -std=gnu11 -g3 -DDEBUG -DSTM32 -DSTM32F429ZITx -DSTM32F4 -DNUCLEO_F429ZI -DUSE_HAL_DRIVER -DSTM32F429xx -c -I../Inc -I"C:/Users/ipave/Documents/GitHub/PdM_workspace/P5 Ej2/Drivers/STM32F4xx_HAL_Driver/Inc" -I"C:/Users/ipave/Documents/GitHub/PdM_workspace/P5 Ej2/Drivers/CMSIS/Include" -I"C:/Users/ipave/Documents/GitHub/PdM_workspace/P5 Ej2/Drivers/CMSIS/Device/ST/STM32F4xx/Include" -I"C:/Users/ipave/Documents/GitHub/PdM_workspace/P5 Ej2/Drivers/BSP/STM32F4xx_Nucleo_144" -I"C:/Users/ipave/Documents/GitHub/PdM_workspace/P5 Ej2/Drivers/Core/Inc" -I"C:/Users/ipave/Documents/GitHub/PdM_workspace/P5 Ej2/Drivers/API/inc" -O0 -ffunction-sections -fdata-sections -Wall -fstack-usage -fcyclomatic-complexity -MMD -MP -MF"Drivers/API/src/API_uart.d" -MT"Drivers/API/src/API_uart.o" --specs=nano.specs -mfpu=fpv4-sp-d16 -mfloat-abi=hard -mthumb -o "Drivers/API/src/API_uart.o"
arm-none-eabi-gcc -o "P5 Ej2.elf" @"objects.list"   -mcpu=cortex-m4 -T"C:\Users\ipave\Documents\GitHub\PdM_workspace\P5 Ej2\STM32F429ZITX_FLASH.ld" --specs=nosys.specs -Wl,-Map="P5 Ej2.map" -Wl,--gc-sections -static --specs=nano.specs -mfpu=fpv4-sp-d16 -mfloat-abi=hard -mthumb -Wl,--start-group -lc -lm -Wl,--end-group
Finished building target: P5 Ej2.elf
 
arm-none-eabi-size   P5\ Ej2.elf 
arm-none-eabi-objdump -h -S  P5\ Ej2.elf  > "P5 Ej2.list"
   text	   data	    bss	    dec	    hex	filename
   9212	     68	   1652	  10932	   2ab4	P5 Ej2.elf
Finished building: default.size.stdout
 
Finished building: P5 Ej2.list
 

22:05:38 Build Finished. 0 errors, 0 warnings. (took 787ms)

